// Jest Snapshot v1, https://goo.gl/fbAQLP

exports[`Snapshot 1`] = `
<React.Fragment>
  <span
    onClick={[Function]}
  >
    ลงทะเบียนเข้าใช้งาน 
    <br />
    (สำหรับบุคลากรและนิสิต)
  </span>
  <Modal
    autoFocus={true}
    backdrop={true}
    backdropTransition={
      Object {
        "mountOnEnter": true,
        "timeout": 150,
      }
    }
    centered={false}
    container="body"
    fade={true}
    isOpen={false}
    keyboard={true}
    modalTransition={
      Object {
        "timeout": 300,
      }
    }
    onClosed={[Function]}
    onOpened={[Function]}
    returnFocusAfterClose={true}
    role="dialog"
    scrollable={false}
    toggle={[Function]}
    trapFocus={false}
    unmountOnClose={true}
    zIndex={1050}
  >
    <ModalHeader
      charCode={215}
      closeAriaLabel="Close"
      tag="h5"
      toggle={[Function]}
      wrapTag="div"
    >
      โปรดใส่รายละเอียดผู้ใช้งาน
    </ModalHeader>
    <ModalBody
      tag="div"
    >
      <Form
        className="onSubmit"
        onSubmit={[Function]}
        tag="form"
      >
        <FormGroup
          tag="div"
        >
          <Label
            for="buasri_id"
            tag="label"
            widths={
              Array [
                "xs",
                "sm",
                "md",
                "lg",
                "xl",
              ]
            }
          >
            Buasri ID
          </Label>
          <Input
            className="eiei"
            name="buasri_id"
            onChange={[Function]}
            placeholder="บัวศรีไอดี"
            required={true}
            type="text"
          />
        </FormGroup>
        <FormGroup
          tag="div"
        >
          <Label
            for="password"
            tag="label"
            widths={
              Array [
                "xs",
                "sm",
                "md",
                "lg",
                "xl",
              ]
            }
          >
            Password
          </Label>
          <Input
            name="password"
            onChange={[Function]}
            placeholder="รหัสผ่าน"
            required={true}
            type="password"
          />
        </FormGroup>
        <Row
          form={true}
          tag="div"
          widths={
            Array [
              "xs",
              "sm",
              "md",
              "lg",
              "xl",
            ]
          }
        >
          <Col
            md={12}
            tag="div"
            widths={
              Array [
                "xs",
                "sm",
                "md",
                "lg",
                "xl",
              ]
            }
          >
            <Label
              for="name"
              tag="label"
              widths={
                Array [
                  "xs",
                  "sm",
                  "md",
                  "lg",
                  "xl",
                ]
              }
            >
              ชื่อ - นามสกุล
            </Label>
          </Col>
          <Col
            md={3}
            tag="div"
            widths={
              Array [
                "xs",
                "sm",
                "md",
                "lg",
                "xl",
              ]
            }
          >
            <FormGroup
              tag="div"
            >
              <Input
                name="title"
                onChange={[Function]}
                type="select"
              >
                <option>
                  นาย
                </option>
                <option>
                  นางสาว
                </option>
                <option>
                  นาง
                </option>
                <option>
                  ดร.
                </option>
                <option>
                  ผศ.ดร.
                </option>
                <option>
                  รศ.ดร.
                </option>
              </Input>
            </FormGroup>
          </Col>
          <Col
            md={4}
            tag="div"
            widths={
              Array [
                "xs",
                "sm",
                "md",
                "lg",
                "xl",
              ]
            }
          >
            <FormGroup
              tag="div"
            >
              <Input
                name="firstname"
                onChange={[Function]}
                placeholder="ชื่อ"
                required={true}
                type="text"
              />
            </FormGroup>
          </Col>
          <Col
            md={5}
            tag="div"
            widths={
              Array [
                "xs",
                "sm",
                "md",
                "lg",
                "xl",
              ]
            }
          >
            <FormGroup
              tag="div"
            >
              <Input
                name="lastname"
                onChange={[Function]}
                placeholder="นามสกุล"
                required={true}
                type="text"
              />
            </FormGroup>
          </Col>
        </Row>
        <FormGroup
          tag="div"
        >
          <Label
            for="email"
            tag="label"
            widths={
              Array [
                "xs",
                "sm",
                "md",
                "lg",
                "xl",
              ]
            }
          >
            E-mail
          </Label>
          <Input
            name="email"
            onChange={[Function]}
            placeholder="อีเมลที่ใช้ติดต่อ"
            required={true}
            type="text"
          />
        </FormGroup>
        <FormGroup
          tag="div"
        >
          <Label
            for="dep"
            tag="label"
            widths={
              Array [
                "xs",
                "sm",
                "md",
                "lg",
                "xl",
              ]
            }
          >
            หน่วยงานที่สังกัด
          </Label>
          <Input
            name="dep"
            onChange={[Function]}
            required={true}
            type="select"
          >
            <option
              value=""
            >
              โปรดเลือก
            </option>
            
          </Input>
        </FormGroup>
        <FormGroup
          tag="div"
        >
          <Label
            for="type"
            tag="label"
            widths={
              Array [
                "xs",
                "sm",
                "md",
                "lg",
                "xl",
              ]
            }
          >
            ประเภทผู้ใช้งาน
          </Label>
          <Input
            name="type"
            onChange={[Function]}
            type="select"
          >
            <option
              value="STAFF"
            >
              เจ้าหน้าที่
            </option>
            <option
              value="STUDENT"
            >
              นิสิต
            </option>
            <option
              value="PROFESSOR"
            >
              อาจารย์
            </option>
          </Input>
        </FormGroup>
      </Form>
    </ModalBody>
  </Modal>
</React.Fragment>
`;
